../Core/Src/main.c:126:5:__io_putchar	16	static
../Core/Src/main.c:133:17:readA0	16	static
../Core/Src/main.c:141:17:readA0_avg	24	static
../Core/Src/main.c:147:16:moisture_pct_from_adc	32	static
../Core/Src/main.c:162:20:Pump_On	8	static
../Core/Src/main.c:167:20:Pump_Off	8	static
../Core/Src/main.c:175:13:HM10_Send_Frame	72	static
../Core/Src/main.c:198:13:apply_command	16	static
../Core/Src/main.c:212:13:HM10_Receive_1Char	16	static
../Core/Src/main.c:236:24:micros	4	static
../Core/Src/main.c:237:13:delay_us	24	static,ignoring_inline_asm
../Core/Src/main.c:242:13:dht11_pin_output	32	static
../Core/Src/main.c:248:13:dht11_pin_input_pullup	32	static
../Core/Src/main.c:254:16:wait_level	32	static
../Core/Src/main.c:262:16:dht11_read_once	40	static
../Core/Src/main.c:293:13:DHT11_Update_Periodic	24	static
../Core/Src/main.c:311:13:thresholds_by_temp	24	static
../Core/Src/main.c:319:13:print_status_block	56	static
../Core/Src/main.c:363:5:main	40	static
../Core/Src/main.c:480:6:SystemClock_Config	88	static
../Core/Src/main.c:507:13:MX_ADC1_Init	24	static
../Core/Src/main.c:530:13:MX_TIM2_Init	32	static
../Core/Src/main.c:551:13:MX_USART1_UART_Init	8	static
../Core/Src/main.c:564:13:MX_USART2_UART_Init	8	static
../Core/Src/main.c:577:13:MX_GPIO_Init	40	static
../Core/Src/main.c:615:6:Error_Handler	4	static,ignoring_inline_asm
